./data/detection/05ed37be-d8e3f602.jpg
./data/detection/10583_7_speed80_gaussian.jpg
./data/detection/10983_3_speed100_jpegCompress.jpg
./data/detection/11143_da4_height45_srcClone.jpg
./data/detection/11522_5_speed30_gaussian.jpg
./data/detection/11640_1_height5_gaussian.jpg
./data/detection/1232_8.jpg
./data/detection/14179_da4_speed10_srcClone.jpg
./data/detection/14904_1_speed40_jpegCompress.jpg
./data/detection/15613_0_speed80_contrast.jpg
./data/detection/1634_2_speed60_jpegCompress.jpg
./data/detection/1663_3_weight20_gamma.jpg
./data/detection/17577_da1_width32_srcClone.jpg
./data/detection/18935_9.jpg
./data/detection/1c8f3e12-dd87a418.jpg
./data/detection/22064_9_speed40_src.jpg
./data/detection/24196_4.jpg
./data/detection/24535_0_speed5_motion.jpg
./data/detection/2564_6_speed20_src.jpg
./data/detection/25867_5_speed60_jpegCompress.jpg
./data/detection/26137_7.jpg
./data/detection/27903_4.jpg
./data/detection/2b0cf575-b5684017.jpg
./data/detection/30440_9_speed50_jpegCompress.jpg
./data/detection/30629_da0_speed15_srcClone.jpg
./data/detection/3097_3.jpg
./data/detection/31423_8.jpg
./data/detection/3325_6_speed50_contrast.jpg
./data/detection/35580_8.jpg
./data/detection/35877_5_speed40_contrast.jpg
./data/detection/36321_8.jpg
./data/detection/38518_1.jpg
./data/detection/39485_7_speed50_src.jpg
./data/detection/40491_9.jpg
./data/detection/40ee0792-d444ff63.jpg
./data/detection/41063_3_speed70_contrast.jpg
./data/detection/41277_5.jpg
./data/detection/41962_1_speed50_gamma.jpg
./data/detection/4313_9_speed60_gamma.jpg
./data/detection/43622_0_speed20_gaussian.jpg
./data/detection/43622_8_speed20_gamma.jpg
./data/detection/4393_8_speed50_contrast.jpg
./data/detection/44171_7_height5_motion.jpg
./data/detection/44355_8_speed5_gaussian.jpg
./data/detection/45101_da1_speed20_srcClone.jpg
./data/detection/45517_da1_speed25_srcClone.jpg
./data/detection/46096_6_speed80_motion.jpg
./data/detection/48651_4.jpg
./data/detection/49501_6_speed50_motion.jpg
./data/detection/49536_7_speed50_contrast.jpg
./data/detection/4b788c3d-0203948c.jpg
./data/detection/51816_8_speed80_gamma.jpg
./data/detection/52765_8_speed60_jpegCompress.jpg
./data/detection/53081_3_speed40_contrast.jpg
./data/detection/56188d0a-cf1024ed.jpg
./data/detection/59577_2_speed40_src.jpg
./data/detection/61752_1_height45_contrast.jpg
./data/detection/63809_1_speed5_gaussian.jpg
./data/detection/64209_3_speed60_gamma.jpg
./data/detection/65166_9_speed120_gamma.jpg
./data/detection/67656_6_speed40_gaussian.jpg
./data/detection/21964_3_weight10_motion.jpg
./data/detection/36853_4_speed80_src.jpg
./data/detection/45969_4.jpg
./data/detection/6875_4.jpg
./data/detection/8441f3ae-bd15d35c.jpg
./data/detection/69103_5.jpg
./data/detection/71532_8_speed40_gaussian.jpg
./data/detection/73118_4_speed40_motion.jpg
./data/detection/74418_7_weight20_gaussian.jpg
./data/detection/76197_1_speed60_motion.jpg
./data/detection/78021_4_speed5_src.jpg
./data/detection/78171_1_weight20_gamma.jpg
./data/detection/7860_4_speed80_motion.jpg
./data/detection/79408_2_speed5_gaussian.jpg
./data/detection/79753_6_speed30_src.jpg
./data/detection/79981_2_height5_gamma.jpg
./data/detection/80276_1_weight15_gaussian.jpg
./data/detection/8163_da2_weight30_srcClonsian.jpg
./data/detection/83372_5.jpg
./data/detection/83908_4_speed40_gaussian.jpg
./data/detection/85793_da4_height35_srcClone.jpg
./data/detection/87695_4_speed40_gamma.jpg
./data/detection/91683_2.jpg
./data/detection/92103_0_speed30_gamma.jpg
./data/detection/92709_2.jpg
./data/detection/93078_7_height45_contrast.jpg
./data/detection/93111_2_weight20_src.jpg
./data/detection/95054_5_speed50_src.jpg
./data/detection/95064_5_speed80_gamma.jpg
./data/detection/95231_2_speed40_contrast.jpg
./data/detection/95367_3.jpg
./data/detection/95714_2.jpg
./data/detection/96274_2_speed50_jpegCompress.jpg
./data/detection/97519_4_speed80_src.jpg
./data/detection/98728_7_speed30_jpegCompress.jpg
./data/detection/a2da9553-4a98c8df.jpg
./data/detection/b7a8e795-06d17ead.jpg
./data/detection/bb9d32ae-e5859cbf.jpg
./data/detection/c6079e86-f5203076.jpg
