./data/lane/00000.jpg
./data/lane/00030.jpg
./data/lane/00060.jpg
./data/lane/00090.jpg
./data/lane/00120.jpg
./data/lane/00150.jpg
./data/lane/00180.jpg
./data/lane/00210.jpg
./data/lane/00240.jpg
./data/lane/00270.jpg
./data/lane/00300.jpg
./data/lane/00330.jpg
./data/lane/00360.jpg
./data/lane/00390.jpg
./data/lane/00420.jpg
./data/lane/00450.jpg
./data/lane/00480.jpg
./data/lane/00510.jpg
./data/lane/00540.jpg
./data/lane/00600.jpg
./data/lane/00630.jpg
./data/lane/00660.jpg
./data/lane/00690.jpg
./data/lane/00720.jpg
./data/lane/00750.jpg
./data/lane/00780.jpg
./data/lane/00810.jpg
./data/lane/00840.jpg
./data/lane/00870.jpg
./data/lane/00900.jpg
./data/lane/00930.jpg
./data/lane/00960.jpg
./data/lane/00990.jpg
./data/lane/01020.jpg
./data/lane/01050.jpg
./data/lane/01080.jpg
./data/lane/01110.jpg
./data/lane/01140.jpg
./data/lane/01200.jpg
./data/lane/01230.jpg
./data/lane/01260.jpg
./data/lane/01290.jpg
./data/lane/01320.jpg
./data/lane/01350.jpg
./data/lane/01380.jpg
./data/lane/01410.jpg
./data/lane/01440.jpg
./data/lane/01470.jpg
./data/lane/01500.jpg
./data/lane/01530.jpg
./data/lane/01560.jpg
./data/lane/01590.jpg
./data/lane/01620.jpg
./data/lane/01650.jpg
./data/lane/01680.jpg
./data/lane/01710.jpg
./data/lane/01740.jpg
./data/lane/01800.jpg
./data/lane/01830.jpg
./data/lane/01860.jpg
./data/lane/01890.jpg
./data/lane/01920.jpg
./data/lane/01950.jpg
./data/lane/01980.jpg
./data/lane/02010.jpg
./data/lane/02040.jpg
./data/lane/02070.jpg
./data/lane/02100.jpg
./data/lane/02130.jpg
./data/lane/02160.jpg
./data/lane/02190.jpg
./data/lane/02220.jpg
./data/lane/02250.jpg
./data/lane/02280.jpg
./data/lane/02310.jpg
./data/lane/02340.jpg
./data/lane/02400.jpg
./data/lane/02430.jpg
./data/lane/02460.jpg
./data/lane/02490.jpg
./data/lane/02520.jpg
./data/lane/02550.jpg
./data/lane/02580.jpg
./data/lane/02610.jpg
./data/lane/02640.jpg
./data/lane/02670.jpg
./data/lane/02700.jpg
./data/lane/02730.jpg
./data/lane/02760.jpg
./data/lane/02790.jpg
./data/lane/02820.jpg
./data/lane/02850.jpg
./data/lane/02880.jpg
./data/lane/02910.jpg
./data/lane/02940.jpg
./data/lane/00570.jpg
./data/lane/01170.jpg
./data/lane/01770.jpg
./data/lane/02370.jpg
./data/lane/02970.jpg
./data/lane/03570.jpg
./data/lane/04170.jpg
./data/lane/04770.jpg
./data/lane/03000.jpg
./data/lane/03030.jpg
./data/lane/03060.jpg
./data/lane/03090.jpg
./data/lane/03120.jpg
./data/lane/03150.jpg
./data/lane/03180.jpg
./data/lane/03210.jpg
./data/lane/03240.jpg
./data/lane/03270.jpg
./data/lane/03300.jpg
./data/lane/03330.jpg
./data/lane/03360.jpg
./data/lane/03390.jpg
./data/lane/03420.jpg
./data/lane/03450.jpg
./data/lane/03480.jpg
./data/lane/03510.jpg
./data/lane/03540.jpg
./data/lane/03600.jpg
./data/lane/03630.jpg
./data/lane/03660.jpg
./data/lane/03690.jpg
./data/lane/03720.jpg
./data/lane/03750.jpg
./data/lane/03780.jpg
./data/lane/03810.jpg
./data/lane/03840.jpg
./data/lane/03870.jpg
./data/lane/03900.jpg
./data/lane/03930.jpg
./data/lane/03960.jpg
./data/lane/03990.jpg
./data/lane/04020.jpg
./data/lane/04050.jpg
./data/lane/04080.jpg
./data/lane/04110.jpg
./data/lane/04140.jpg
./data/lane/04200.jpg
./data/lane/04230.jpg
./data/lane/04260.jpg
./data/lane/04290.jpg
./data/lane/04320.jpg
./data/lane/04350.jpg
./data/lane/04380.jpg
./data/lane/04410.jpg
./data/lane/04440.jpg
./data/lane/04470.jpg
./data/lane/04500.jpg
./data/lane/04530.jpg
./data/lane/04560.jpg
./data/lane/04590.jpg
./data/lane/04620.jpg
./data/lane/04650.jpg
./data/lane/04680.jpg
./data/lane/04710.jpg
./data/lane/04740.jpg
./data/lane/04800.jpg
./data/lane/04830.jpg
./data/lane/04860.jpg
./data/lane/04890.jpg
./data/lane/04920.jpg
./data/lane/04950.jpg
./data/lane/04980.jpg
./data/lane/05010.jpg
./data/lane/05040.jpg
./data/lane/05070.jpg
./data/lane/05100.jpg
./data/lane/05130.jpg
./data/lane/05160.jpg
./data/lane/05190.jpg
./data/lane/05220.jpg
./data/lane/05250.jpg
./data/lane/05280.jpg
./data/lane/05310.jpg
./data/lane/05340.jpg
./data/lane/05370.jpg
