./data/video/0.jpg
./data/video/1.jpg
./data/video/2.jpg
./data/video/3.jpg
./data/video/4.jpg
./data/video/5.jpg
./data/video/6.jpg
./data/video/7.jpg
./data/video/8.jpg
./data/video/9.jpg
./data/video/10.jpg
./data/video/11.jpg
./data/video/12.jpg
./data/video/13.jpg
./data/video/14.jpg
./data/video/15.jpg
./data/video/16.jpg
./data/video/17.jpg
./data/video/18.jpg
./data/video/19.jpg
./data/video/20.jpg
./data/video/21.jpg
./data/video/22.jpg
./data/video/23.jpg
./data/video/24.jpg
./data/video/25.jpg
./data/video/26.jpg
./data/video/27.jpg
./data/video/28.jpg
./data/video/29.jpg
./data/video/30.jpg
./data/video/31.jpg
./data/video/32.jpg
./data/video/33.jpg
./data/video/34.jpg
./data/video/35.jpg
./data/video/36.jpg
./data/video/37.jpg
./data/video/38.jpg
./data/video/39.jpg
./data/video/40.jpg
./data/video/41.jpg
./data/video/42.jpg
./data/video/43.jpg
./data/video/44.jpg
./data/video/45.jpg
./data/video/46.jpg
./data/video/47.jpg
./data/video/48.jpg
./data/video/49.jpg
./data/video/50.jpg
./data/video/51.jpg
./data/video/52.jpg
./data/video/53.jpg
./data/video/54.jpg
./data/video/55.jpg
./data/video/56.jpg
./data/video/57.jpg
./data/video/58.jpg
./data/video/59.jpg
./data/video/60.jpg
./data/video/61.jpg
./data/video/62.jpg
./data/video/63.jpg
./data/video/64.jpg
./data/video/65.jpg
./data/video/66.jpg
./data/video/67.jpg
./data/video/68.jpg
./data/video/69.jpg
./data/video/70.jpg
./data/video/71.jpg
./data/video/72.jpg
./data/video/73.jpg
./data/video/74.jpg
./data/video/75.jpg
./data/video/76.jpg
./data/video/77.jpg
./data/video/78.jpg
./data/video/79.jpg
./data/video/80.jpg
./data/video/81.jpg
./data/video/82.jpg
./data/video/83.jpg
./data/video/84.jpg
./data/video/85.jpg
./data/video/86.jpg
./data/video/87.jpg
./data/video/88.jpg
./data/video/89.jpg
./data/video/90.jpg
./data/video/91.jpg
./data/video/92.jpg
./data/video/93.jpg
./data/video/94.jpg
./data/video/95.jpg
./data/video/96.jpg
./data/video/97.jpg
./data/video/98.jpg
./data/video/99.jpg
./data/video/100.jpg
./data/video/101.jpg
./data/video/102.jpg
./data/video/103.jpg
./data/video/104.jpg
./data/video/105.jpg
./data/video/106.jpg
./data/video/107.jpg
./data/video/108.jpg
./data/video/109.jpg
./data/video/110.jpg
./data/video/111.jpg
./data/video/112.jpg
./data/video/113.jpg
./data/video/114.jpg
./data/video/115.jpg
./data/video/116.jpg
./data/video/117.jpg
./data/video/118.jpg
./data/video/119.jpg
./data/video/120.jpg
./data/video/121.jpg
./data/video/122.jpg
./data/video/123.jpg
./data/video/124.jpg
./data/video/125.jpg
./data/video/126.jpg
./data/video/127.jpg
./data/video/128.jpg
./data/video/129.jpg
./data/video/130.jpg
./data/video/131.jpg
./data/video/132.jpg
./data/video/133.jpg
./data/video/134.jpg
./data/video/135.jpg
./data/video/136.jpg
./data/video/137.jpg
./data/video/138.jpg
./data/video/139.jpg
./data/video/140.jpg
./data/video/141.jpg
./data/video/142.jpg
./data/video/143.jpg
./data/video/144.jpg
./data/video/145.jpg
./data/video/146.jpg
./data/video/147.jpg
./data/video/148.jpg
./data/video/149.jpg
./data/video/150.jpg
./data/video/151.jpg
./data/video/152.jpg
./data/video/153.jpg
./data/video/154.jpg
./data/video/155.jpg
./data/video/156.jpg
./data/video/157.jpg
./data/video/158.jpg
./data/video/159.jpg
./data/video/160.jpg
./data/video/161.jpg
./data/video/162.jpg
./data/video/163.jpg
./data/video/164.jpg
./data/video/165.jpg
./data/video/166.jpg
./data/video/167.jpg
./data/video/168.jpg
./data/video/169.jpg
./data/video/170.jpg
./data/video/171.jpg
./data/video/172.jpg
./data/video/173.jpg
./data/video/174.jpg
./data/video/175.jpg
./data/video/176.jpg
./data/video/177.jpg
./data/video/178.jpg
./data/video/179.jpg
./data/video/180.jpg
./data/video/181.jpg
./data/video/182.jpg
./data/video/183.jpg
./data/video/184.jpg
./data/video/185.jpg
./data/video/186.jpg
./data/video/187.jpg
./data/video/188.jpg
./data/video/189.jpg
./data/video/190.jpg
./data/video/191.jpg
./data/video/192.jpg
./data/video/193.jpg
./data/video/194.jpg
./data/video/195.jpg
./data/video/196.jpg
./data/video/197.jpg
./data/video/198.jpg
./data/video/199.jpg
./data/video/200.jpg
./data/video/201.jpg
./data/video/202.jpg
./data/video/203.jpg
./data/video/204.jpg
./data/video/205.jpg
./data/video/206.jpg
./data/video/207.jpg
./data/video/208.jpg
./data/video/209.jpg
./data/video/210.jpg
./data/video/211.jpg
./data/video/212.jpg
./data/video/213.jpg
./data/video/214.jpg
./data/video/215.jpg
./data/video/216.jpg
./data/video/217.jpg
./data/video/218.jpg
./data/video/219.jpg
./data/video/220.jpg
./data/video/221.jpg
./data/video/222.jpg
./data/video/223.jpg
./data/video/224.jpg
./data/video/225.jpg
./data/video/226.jpg
./data/video/227.jpg
./data/video/228.jpg
./data/video/229.jpg
./data/video/230.jpg
./data/video/231.jpg
./data/video/232.jpg
./data/video/233.jpg
./data/video/234.jpg
./data/video/235.jpg
./data/video/236.jpg
./data/video/237.jpg
./data/video/238.jpg
./data/video/239.jpg
./data/video/240.jpg
./data/video/241.jpg
./data/video/242.jpg
./data/video/243.jpg
./data/video/244.jpg
./data/video/245.jpg
./data/video/246.jpg
./data/video/247.jpg
./data/video/248.jpg
./data/video/249.jpg
./data/video/250.jpg
./data/video/251.jpg
./data/video/252.jpg
./data/video/253.jpg
./data/video/254.jpg
./data/video/255.jpg
./data/video/256.jpg
./data/video/257.jpg
./data/video/258.jpg
./data/video/259.jpg
./data/video/260.jpg
./data/video/261.jpg
./data/video/262.jpg
./data/video/263.jpg
./data/video/264.jpg
./data/video/265.jpg
./data/video/266.jpg
./data/video/267.jpg
./data/video/268.jpg
./data/video/269.jpg
./data/video/270.jpg
./data/video/271.jpg
./data/video/272.jpg
./data/video/273.jpg
./data/video/274.jpg
./data/video/275.jpg
./data/video/276.jpg
./data/video/277.jpg
./data/video/278.jpg
./data/video/279.jpg
./data/video/280.jpg
./data/video/281.jpg
./data/video/282.jpg
./data/video/283.jpg
./data/video/284.jpg
./data/video/285.jpg
./data/video/286.jpg
./data/video/287.jpg
./data/video/288.jpg
./data/video/289.jpg
./data/video/290.jpg
./data/video/291.jpg
./data/video/292.jpg
./data/video/293.jpg
./data/video/294.jpg
./data/video/295.jpg
./data/video/296.jpg
./data/video/297.jpg
./data/video/298.jpg
./data/video/299.jpg
./data/video/300.jpg
./data/video/301.jpg
./data/video/302.jpg
./data/video/303.jpg
./data/video/304.jpg
./data/video/305.jpg
./data/video/306.jpg
./data/video/307.jpg
./data/video/308.jpg
./data/video/309.jpg
./data/video/310.jpg
./data/video/311.jpg
./data/video/312.jpg
./data/video/313.jpg
./data/video/314.jpg
./data/video/315.jpg
./data/video/316.jpg
./data/video/317.jpg
./data/video/318.jpg
./data/video/319.jpg
./data/video/320.jpg
./data/video/321.jpg
./data/video/322.jpg
./data/video/323.jpg
./data/video/324.jpg
./data/video/325.jpg
./data/video/326.jpg
./data/video/327.jpg
./data/video/328.jpg
./data/video/329.jpg
./data/video/330.jpg
./data/video/331.jpg
./data/video/332.jpg
./data/video/333.jpg
./data/video/334.jpg
./data/video/335.jpg
./data/video/336.jpg
./data/video/337.jpg
./data/video/338.jpg
./data/video/339.jpg
./data/video/340.jpg
./data/video/341.jpg
./data/video/342.jpg
./data/video/343.jpg
./data/video/344.jpg
./data/video/345.jpg
./data/video/346.jpg
./data/video/347.jpg
./data/video/348.jpg
./data/video/349.jpg
./data/video/350.jpg
./data/video/351.jpg
./data/video/352.jpg
./data/video/353.jpg
./data/video/354.jpg
./data/video/355.jpg
./data/video/356.jpg
./data/video/357.jpg
./data/video/358.jpg
./data/video/359.jpg
./data/video/360.jpg
./data/video/361.jpg
./data/video/362.jpg
./data/video/363.jpg
./data/video/364.jpg
./data/video/365.jpg
./data/video/366.jpg
./data/video/367.jpg
./data/video/368.jpg
./data/video/369.jpg
./data/video/370.jpg
./data/video/371.jpg
./data/video/372.jpg
./data/video/373.jpg
./data/video/374.jpg
./data/video/375.jpg
./data/video/376.jpg
./data/video/377.jpg
./data/video/378.jpg
./data/video/379.jpg
./data/video/380.jpg
./data/video/381.jpg
./data/video/382.jpg
./data/video/383.jpg
./data/video/384.jpg
./data/video/385.jpg
./data/video/386.jpg
./data/video/387.jpg
./data/video/388.jpg
./data/video/389.jpg
./data/video/390.jpg
./data/video/391.jpg
./data/video/392.jpg
./data/video/393.jpg
./data/video/394.jpg
./data/video/395.jpg
./data/video/396.jpg
./data/video/397.jpg
./data/video/398.jpg
./data/video/399.jpg
./data/video/400.jpg
./data/video/401.jpg
./data/video/402.jpg
./data/video/403.jpg
./data/video/404.jpg
./data/video/405.jpg
./data/video/406.jpg
./data/video/407.jpg
./data/video/408.jpg
./data/video/409.jpg
./data/video/410.jpg
./data/video/411.jpg
./data/video/412.jpg
./data/video/413.jpg
./data/video/414.jpg
./data/video/415.jpg
./data/video/416.jpg
./data/video/417.jpg
./data/video/418.jpg
./data/video/419.jpg
./data/video/420.jpg
./data/video/421.jpg
./data/video/422.jpg
./data/video/423.jpg
./data/video/424.jpg
./data/video/425.jpg
./data/video/426.jpg
./data/video/427.jpg
./data/video/428.jpg
./data/video/429.jpg
./data/video/430.jpg
./data/video/431.jpg
./data/video/432.jpg
./data/video/433.jpg
./data/video/434.jpg
./data/video/435.jpg
./data/video/436.jpg
./data/video/437.jpg
./data/video/438.jpg
./data/video/439.jpg
./data/video/440.jpg
./data/video/441.jpg
./data/video/442.jpg
./data/video/443.jpg
./data/video/444.jpg
./data/video/445.jpg
./data/video/446.jpg
./data/video/447.jpg
./data/video/448.jpg
./data/video/449.jpg
./data/video/450.jpg
./data/video/451.jpg
./data/video/452.jpg
./data/video/453.jpg
./data/video/454.jpg
./data/video/455.jpg
./data/video/456.jpg
./data/video/457.jpg
./data/video/458.jpg
./data/video/459.jpg
./data/video/460.jpg
./data/video/461.jpg
./data/video/462.jpg
./data/video/463.jpg
./data/video/464.jpg
./data/video/465.jpg
./data/video/466.jpg
./data/video/467.jpg
./data/video/468.jpg
./data/video/469.jpg
./data/video/470.jpg
./data/video/471.jpg
./data/video/472.jpg
./data/video/473.jpg
./data/video/474.jpg
./data/video/475.jpg
./data/video/476.jpg
./data/video/477.jpg
./data/video/478.jpg
./data/video/479.jpg
./data/video/480.jpg
./data/video/481.jpg
./data/video/482.jpg
./data/video/483.jpg
./data/video/484.jpg
./data/video/485.jpg
./data/video/486.jpg
./data/video/487.jpg
./data/video/488.jpg
./data/video/489.jpg
./data/video/490.jpg
./data/video/491.jpg
./data/video/492.jpg
./data/video/493.jpg
./data/video/494.jpg
./data/video/495.jpg
./data/video/496.jpg
./data/video/497.jpg
./data/video/498.jpg
./data/video/499.jpg
./data/video/500.jpg
./data/video/501.jpg
./data/video/502.jpg
./data/video/503.jpg
./data/video/504.jpg
./data/video/505.jpg
./data/video/506.jpg
./data/video/507.jpg
./data/video/508.jpg
./data/video/509.jpg
./data/video/510.jpg
./data/video/511.jpg
./data/video/512.jpg
./data/video/513.jpg
./data/video/514.jpg
./data/video/515.jpg
./data/video/516.jpg
./data/video/517.jpg
./data/video/518.jpg
./data/video/519.jpg
./data/video/520.jpg
./data/video/521.jpg
./data/video/522.jpg
./data/video/523.jpg
./data/video/524.jpg
./data/video/525.jpg
./data/video/526.jpg
./data/video/527.jpg
./data/video/528.jpg
./data/video/529.jpg
./data/video/530.jpg
./data/video/531.jpg
./data/video/532.jpg
./data/video/533.jpg
./data/video/534.jpg
./data/video/535.jpg
./data/video/536.jpg
./data/video/537.jpg
./data/video/538.jpg
./data/video/539.jpg
./data/video/540.jpg
./data/video/541.jpg
./data/video/542.jpg
./data/video/543.jpg
./data/video/544.jpg
./data/video/545.jpg
./data/video/546.jpg
./data/video/547.jpg
./data/video/548.jpg
./data/video/549.jpg
./data/video/550.jpg
./data/video/551.jpg
./data/video/552.jpg
./data/video/553.jpg
./data/video/554.jpg
./data/video/555.jpg
./data/video/556.jpg
./data/video/557.jpg
./data/video/558.jpg
./data/video/559.jpg
./data/video/560.jpg
./data/video/561.jpg
./data/video/562.jpg
./data/video/563.jpg
./data/video/564.jpg
./data/video/565.jpg
./data/video/566.jpg
./data/video/567.jpg
./data/video/568.jpg
./data/video/569.jpg
./data/video/570.jpg
./data/video/571.jpg
./data/video/572.jpg
./data/video/573.jpg
./data/video/574.jpg
./data/video/575.jpg
./data/video/576.jpg
./data/video/577.jpg
./data/video/578.jpg
./data/video/579.jpg
./data/video/580.jpg
./data/video/581.jpg
./data/video/582.jpg
./data/video/583.jpg
./data/video/584.jpg
./data/video/585.jpg
./data/video/586.jpg
./data/video/587.jpg
./data/video/588.jpg
./data/video/589.jpg
./data/video/590.jpg
./data/video/591.jpg
./data/video/592.jpg
./data/video/593.jpg
./data/video/594.jpg
./data/video/595.jpg
./data/video/596.jpg
./data/video/597.jpg
./data/video/598.jpg
./data/video/599.jpg
./data/video/600.jpg
./data/video/601.jpg
./data/video/602.jpg
./data/video/603.jpg
./data/video/604.jpg
./data/video/605.jpg
./data/video/606.jpg
./data/video/607.jpg
./data/video/608.jpg
./data/video/609.jpg
./data/video/610.jpg
./data/video/611.jpg
./data/video/612.jpg
./data/video/613.jpg
./data/video/614.jpg
./data/video/615.jpg
./data/video/616.jpg
./data/video/617.jpg
./data/video/618.jpg
./data/video/619.jpg
./data/video/620.jpg
./data/video/621.jpg
./data/video/622.jpg
./data/video/623.jpg
./data/video/624.jpg
./data/video/625.jpg
./data/video/626.jpg
./data/video/627.jpg
./data/video/628.jpg
./data/video/629.jpg
./data/video/630.jpg
./data/video/631.jpg
./data/video/632.jpg
./data/video/633.jpg
./data/video/634.jpg
./data/video/635.jpg
./data/video/636.jpg
./data/video/637.jpg
./data/video/638.jpg
./data/video/639.jpg
./data/video/640.jpg
./data/video/641.jpg
./data/video/642.jpg
./data/video/643.jpg
./data/video/644.jpg
./data/video/645.jpg
./data/video/646.jpg
./data/video/647.jpg
./data/video/648.jpg
./data/video/649.jpg
./data/video/650.jpg
./data/video/651.jpg
./data/video/652.jpg
./data/video/653.jpg
./data/video/654.jpg
./data/video/655.jpg
./data/video/656.jpg
./data/video/657.jpg
./data/video/658.jpg
./data/video/659.jpg
./data/video/660.jpg
./data/video/661.jpg
./data/video/662.jpg
./data/video/663.jpg
./data/video/664.jpg
./data/video/665.jpg
./data/video/666.jpg
./data/video/667.jpg
./data/video/668.jpg
./data/video/669.jpg
./data/video/670.jpg
./data/video/671.jpg
./data/video/672.jpg
./data/video/673.jpg
./data/video/674.jpg
./data/video/675.jpg
./data/video/676.jpg
./data/video/677.jpg
./data/video/678.jpg
./data/video/679.jpg
./data/video/680.jpg
./data/video/681.jpg
./data/video/682.jpg
./data/video/683.jpg
./data/video/684.jpg
./data/video/685.jpg
./data/video/686.jpg
./data/video/687.jpg
./data/video/688.jpg
./data/video/689.jpg
./data/video/690.jpg
./data/video/691.jpg
./data/video/692.jpg
./data/video/693.jpg
./data/video/694.jpg
./data/video/695.jpg
./data/video/696.jpg
./data/video/697.jpg
./data/video/698.jpg
./data/video/699.jpg
./data/video/700.jpg
./data/video/701.jpg
./data/video/702.jpg
./data/video/703.jpg
./data/video/704.jpg
./data/video/705.jpg
./data/video/706.jpg
./data/video/707.jpg
./data/video/708.jpg
./data/video/709.jpg
./data/video/710.jpg
./data/video/711.jpg
./data/video/712.jpg
./data/video/713.jpg
./data/video/714.jpg
./data/video/715.jpg
./data/video/716.jpg
./data/video/717.jpg
./data/video/718.jpg
./data/video/719.jpg
./data/video/720.jpg
./data/video/721.jpg
./data/video/722.jpg
./data/video/723.jpg
./data/video/724.jpg
./data/video/725.jpg
./data/video/726.jpg
./data/video/727.jpg
./data/video/728.jpg
./data/video/729.jpg
./data/video/730.jpg
./data/video/731.jpg
./data/video/732.jpg
./data/video/733.jpg
./data/video/734.jpg
./data/video/735.jpg
./data/video/736.jpg
./data/video/737.jpg
./data/video/738.jpg
./data/video/739.jpg
./data/video/740.jpg
./data/video/741.jpg
./data/video/742.jpg
./data/video/743.jpg
./data/video/744.jpg
./data/video/745.jpg
./data/video/746.jpg
./data/video/747.jpg
./data/video/748.jpg
./data/video/749.jpg
./data/video/750.jpg
./data/video/751.jpg
./data/video/752.jpg
./data/video/753.jpg
./data/video/754.jpg
./data/video/755.jpg
./data/video/756.jpg
./data/video/757.jpg
./data/video/758.jpg
./data/video/759.jpg
./data/video/760.jpg
./data/video/761.jpg
./data/video/762.jpg
./data/video/763.jpg
./data/video/764.jpg
./data/video/765.jpg
./data/video/766.jpg
./data/video/767.jpg
./data/video/768.jpg
./data/video/769.jpg
./data/video/770.jpg
./data/video/771.jpg
./data/video/772.jpg
./data/video/773.jpg
./data/video/774.jpg
./data/video/775.jpg
./data/video/776.jpg
./data/video/777.jpg
./data/video/778.jpg
./data/video/779.jpg
./data/video/780.jpg
./data/video/781.jpg
./data/video/782.jpg
./data/video/783.jpg
./data/video/784.jpg
./data/video/785.jpg
./data/video/786.jpg
./data/video/787.jpg
./data/video/788.jpg
./data/video/789.jpg
./data/video/790.jpg
./data/video/791.jpg
./data/video/792.jpg
./data/video/793.jpg
./data/video/794.jpg
./data/video/795.jpg
./data/video/796.jpg
./data/video/797.jpg
./data/video/798.jpg
./data/video/799.jpg
./data/video/800.jpg
./data/video/801.jpg
./data/video/802.jpg
./data/video/803.jpg
./data/video/804.jpg
./data/video/805.jpg
./data/video/806.jpg
./data/video/807.jpg
./data/video/808.jpg
./data/video/809.jpg
./data/video/810.jpg
./data/video/811.jpg
./data/video/812.jpg
./data/video/813.jpg
./data/video/814.jpg
./data/video/815.jpg
./data/video/816.jpg
./data/video/817.jpg
./data/video/818.jpg
./data/video/819.jpg
./data/video/820.jpg
./data/video/821.jpg
./data/video/822.jpg
./data/video/823.jpg
./data/video/824.jpg
./data/video/825.jpg
./data/video/826.jpg
./data/video/827.jpg
./data/video/828.jpg
./data/video/829.jpg
./data/video/830.jpg
./data/video/831.jpg
./data/video/832.jpg
./data/video/833.jpg
./data/video/834.jpg
./data/video/835.jpg
./data/video/836.jpg
./data/video/837.jpg
./data/video/838.jpg
./data/video/839.jpg
./data/video/840.jpg
./data/video/841.jpg
./data/video/842.jpg
./data/video/843.jpg
./data/video/844.jpg
./data/video/845.jpg
./data/video/846.jpg
./data/video/847.jpg
./data/video/848.jpg
./data/video/849.jpg
./data/video/850.jpg
./data/video/851.jpg
./data/video/852.jpg
./data/video/853.jpg
./data/video/854.jpg
./data/video/855.jpg
./data/video/856.jpg
./data/video/857.jpg
./data/video/858.jpg
./data/video/859.jpg
./data/video/860.jpg
./data/video/861.jpg
./data/video/862.jpg
./data/video/863.jpg
./data/video/864.jpg
./data/video/865.jpg
./data/video/866.jpg
./data/video/867.jpg
./data/video/868.jpg
./data/video/869.jpg
./data/video/870.jpg
./data/video/871.jpg
./data/video/872.jpg
./data/video/873.jpg
./data/video/874.jpg
./data/video/875.jpg
./data/video/876.jpg
./data/video/877.jpg
./data/video/878.jpg
./data/video/879.jpg
./data/video/880.jpg
./data/video/881.jpg
./data/video/882.jpg
./data/video/883.jpg
./data/video/884.jpg
./data/video/885.jpg
./data/video/886.jpg
./data/video/887.jpg
./data/video/888.jpg
./data/video/889.jpg
./data/video/890.jpg
./data/video/891.jpg
./data/video/892.jpg
./data/video/893.jpg
./data/video/894.jpg
./data/video/895.jpg
./data/video/896.jpg
./data/video/897.jpg
./data/video/898.jpg
./data/video/899.jpg
./data/video/900.jpg
./data/video/901.jpg
./data/video/902.jpg
./data/video/903.jpg
./data/video/904.jpg
./data/video/905.jpg
./data/video/906.jpg
./data/video/907.jpg
./data/video/908.jpg
./data/video/909.jpg
./data/video/910.jpg
./data/video/911.jpg
./data/video/912.jpg
./data/video/913.jpg
./data/video/914.jpg
./data/video/915.jpg
./data/video/916.jpg
./data/video/917.jpg
./data/video/918.jpg
./data/video/919.jpg
./data/video/920.jpg
./data/video/921.jpg
./data/video/922.jpg
./data/video/923.jpg
./data/video/924.jpg
./data/video/925.jpg
./data/video/926.jpg
./data/video/927.jpg
./data/video/928.jpg
./data/video/929.jpg
./data/video/930.jpg
./data/video/931.jpg
./data/video/932.jpg
./data/video/933.jpg
./data/video/934.jpg
./data/video/935.jpg
./data/video/936.jpg
./data/video/937.jpg
./data/video/938.jpg
./data/video/939.jpg
./data/video/940.jpg
./data/video/941.jpg
./data/video/942.jpg
./data/video/943.jpg
./data/video/944.jpg
./data/video/945.jpg
./data/video/946.jpg
./data/video/947.jpg
./data/video/948.jpg
./data/video/949.jpg
./data/video/950.jpg
./data/video/951.jpg
./data/video/952.jpg
./data/video/953.jpg
./data/video/954.jpg
./data/video/955.jpg
./data/video/956.jpg
./data/video/957.jpg
./data/video/958.jpg
./data/video/959.jpg
./data/video/960.jpg
./data/video/961.jpg
./data/video/962.jpg
./data/video/963.jpg
./data/video/964.jpg
./data/video/965.jpg
./data/video/966.jpg
./data/video/967.jpg
./data/video/968.jpg
./data/video/969.jpg
./data/video/970.jpg
./data/video/971.jpg
./data/video/972.jpg
./data/video/973.jpg
./data/video/974.jpg
./data/video/975.jpg
./data/video/976.jpg
./data/video/977.jpg
./data/video/978.jpg
./data/video/979.jpg
./data/video/980.jpg
./data/video/981.jpg
./data/video/982.jpg
./data/video/983.jpg
./data/video/984.jpg
./data/video/985.jpg
./data/video/986.jpg
./data/video/987.jpg
./data/video/988.jpg
./data/video/989.jpg
./data/video/990.jpg
./data/video/991.jpg
./data/video/992.jpg
./data/video/993.jpg
./data/video/994.jpg
./data/video/995.jpg
./data/video/996.jpg
./data/video/997.jpg
./data/video/998.jpg
./data/video/999.jpg
